// Jest Snapshot v1, https://goo.gl/fbAQLP

exports[`OrderItem rendering 1`] = `
<WithStyles(Grid)
  container={true}
  direction="row"
  spacing={16}
>
  <WithStyles(Grid)
    item={true}
    key="5"
    xs={3}
  >
    <ProductCard
      imageSrc="https://images1.popmeh.ru/upload/img_cache/9e6/9e663df2539446f6c910e19e382dd38f_ce_1838x980x80x258_cropped_800x427.jpg"
      name="Автомобиль"
    />
  </WithStyles(Grid)>
  <WithStyles(Grid)
    item={true}
    key="6"
    xs={3}
  >
    <ProductCard
      imageSrc="https://50.img.avito.st/640x480/3764525250.jpg"
      name="Холодильник"
    />
  </WithStyles(Grid)>
</WithStyles(Grid)>
`;
