// Jest Snapshot v1, https://goo.gl/fbAQLP

exports[`MyComponent rendering 1`] = `
<div>
  My Component here!
</div>
`;

exports[`MyComponent rendering 2`] = `
<div>
  My Component here!
</div>
`;
